Copyright 1986-2019 Xilinx, Inc. All Rights Reserved.
----------------------------------------------------------------------------------------------
| Tool Version : Vivado v.2019.2 (win64) Build 2708876 Wed Nov  6 21:40:23 MST 2019
| Date         : Thu Dec  2 14:58:47 2021
| Host         : DESKTOP-64THS4F running 64-bit major release  (build 9200)
| Command      : report_control_sets -verbose -file top_level_fresher_control_sets_placed.rpt
| Design       : top_level_fresher
| Device       : xc7a100t
----------------------------------------------------------------------------------------------

Control Set Information

Table of Contents
-----------------
1. Summary
2. Histogram
3. Flip-Flop Distribution
4. Detailed Control Set Information

1. Summary
----------

+----------------------------------------------------------+-------+
|                          Status                          | Count |
+----------------------------------------------------------+-------+
| Total control sets                                       |   171 |
|    Minimum number of control sets                        |   171 |
|    Addition due to synthesis replication                 |     0 |
|    Addition due to physical synthesis replication        |     0 |
| Unused register locations in slices containing registers |   556 |
+----------------------------------------------------------+-------+
* Control sets can be merged at opt_design using control_set_merge or merge_equivalent_drivers
** Run report_qor_suggestions for automated merging and remapping suggestions


2. Histogram
------------

+--------------------+-------+
|       Fanout       | Count |
+--------------------+-------+
| Total control sets |   171 |
| >= 0 to < 4        |     2 |
| >= 4 to < 6        |    40 |
| >= 6 to < 8        |    13 |
| >= 8 to < 10       |    13 |
| >= 10 to < 12      |    13 |
| >= 12 to < 14      |     1 |
| >= 14 to < 16      |     1 |
| >= 16              |    88 |
+--------------------+-------+
* Control sets can be remapped at either synth_design or opt_design


3. Flip-Flop Distribution
-------------------------

+--------------+-----------------------+------------------------+-----------------+--------------+
| Clock Enable | Synchronous Set/Reset | Asynchronous Set/Reset | Total Registers | Total Slices |
+--------------+-----------------------+------------------------+-----------------+--------------+
| No           | No                    | No                     |             369 |          193 |
| No           | No                    | Yes                    |               0 |            0 |
| No           | Yes                   | No                     |            1476 |          637 |
| Yes          | No                    | No                     |             228 |           46 |
| Yes          | No                    | Yes                    |               0 |            0 |
| Yes          | Yes                   | No                     |            2099 |          906 |
+--------------+-----------------------+------------------------+-----------------+--------------+


4. Detailed Control Set Information
-----------------------------------

+-----------------------+-------------------------------------------------------------------------------------------------------------+--------------------------------------------------------------------------------------------------------------------+------------------+----------------+
|      Clock Signal     |                                                Enable Signal                                                |                                                  Set/Reset Signal                                                  | Slice Load Count | Bel Load Count |
+-----------------------+-------------------------------------------------------------------------------------------------------------+--------------------------------------------------------------------------------------------------------------------+------------------+----------------+
|  clkdivider/clk_65mhz | my_top_level_solver/my_iterative_solver/my_generate_rows/new_row2[0]_i_2_n_0                                | my_top_level_solver/my_iterative_solver/my_generate_rows/new_row2[0]                                               |                1 |              1 |
|  clkdivider/clk_65mhz | mymanual30_40/cursor_x                                                                                      | mymanual30_40/cursor_x[6]_i_1_n_0                                                                                  |                2 |              3 |
|  clkdivider/clk_65mhz |                                                                                                             | display/counter_reg[13]                                                                                            |                1 |              4 |
|  clkdivider/clk_65mhz | my_top_level_solver/my_iterative_solver/allowed_thing_counter                                               | my_top_level_solver/my_iterative_solver/allowed_thing_index_counter                                                |                1 |              4 |
|  clkdivider/clk_65mhz |                                                                                                             | xvga1/hcount_out_reg[10]_13                                                                                        |                3 |              4 |
|  clkdivider/clk_65mhz |                                                                                                             | xvga1/hcount_out_reg[10]_9                                                                                         |                1 |              4 |
|  clkdivider/clk_65mhz |                                                                                                             | xvga1/hcount_out_reg[10]_17                                                                                        |                1 |              4 |
|  clkdivider/clk_65mhz |                                                                                                             | xvga1/hcount_out_reg[10]_12                                                                                        |                2 |              4 |
|  clkdivider/clk_65mhz |                                                                                                             | xvga1/hcount_out_reg[10]_18                                                                                        |                1 |              4 |
|  clkdivider/clk_65mhz |                                                                                                             | xvga1/hcount_out_reg[10]_14                                                                                        |                2 |              4 |
|  clkdivider/clk_65mhz |                                                                                                             | xvga1/hcount_out_reg[10]_3                                                                                         |                1 |              4 |
|  clkdivider/clk_65mhz |                                                                                                             | xvga1/hcount_out_reg[10]_4                                                                                         |                1 |              4 |
|  clkdivider/clk_65mhz |                                                                                                             | xvga1/hcount_out_reg[10]_5                                                                                         |                1 |              4 |
|  clkdivider/clk_65mhz |                                                                                                             | xvga1/hcount_out_reg[10]_6                                                                                         |                1 |              4 |
|  clkdivider/clk_65mhz | my_top_level_solver/my_iterative_solver/allowed_thing_counter_h[4]_i_1_n_0                                  | my_top_level_solver/my_iterative_solver/allowed_things_h[19]_i_1_n_0                                               |                2 |              4 |
|  clkdivider/clk_65mhz |                                                                                                             | xvga1/hcount_out_reg[10]_15                                                                                        |                2 |              4 |
|  clkdivider/clk_65mhz |                                                                                                             | xvga1/hcount_out_reg[10]_19                                                                                        |                1 |              4 |
|  clkdivider/clk_65mhz |                                                                                                             | xvga1/hcount_out_reg[10]_10                                                                                        |                1 |              4 |
|  clkdivider/clk_65mhz |                                                                                                             | xvga1/hcount_out_reg[10]_11                                                                                        |                2 |              4 |
|  clkdivider/clk_65mhz |                                                                                                             | xvga1/hcount_out_reg[10]_16                                                                                        |                3 |              4 |
|  clkdivider/clk_65mhz |                                                                                                             | xvga1/hcount_out_reg[10]_2                                                                                         |                1 |              4 |
|  clkdivider/clk_65mhz | my_top_level_solver/my_iterative_solver/my_generate_rows/left_to_rest_reg[0]                                | my_top_level_solver/my_iterative_solver/my_generate_rows/addr_constraint_column_reg[3][0]                          |                2 |              4 |
|  clkdivider/clk_65mhz |                                                                                                             | xvga1/hcount_out_reg[10]_8                                                                                         |                2 |              4 |
|  clkdivider/clk_65mhz |                                                                                                             | xvga1/hcount_out_reg[10]_7                                                                                         |                1 |              4 |
|  clkdivider/clk_65mhz | my_top_level_solver/my_iterative_solver/my_generate_rows/E[0]                                               | my_top_level_solver/my_iterative_solver/addr_constraint_column[3]_i_1_n_0                                          |                2 |              4 |
|  clkdivider/clk_65mhz | my_top_level_solver/my_iterative_solver/my_generate_rows/my_create_a_row/min_length[4]_i_1_n_0              | my_top_level_solver/my_iterative_solver/my_generate_rows/my_create_a_row/new_row[18]_i_1_n_0                       |                1 |              4 |
|  clkdivider/clk_65mhz | mymanual10x10/cursor_x[5]_i_2_n_0                                                                           | mymanual10x10/cursor_x[5]_i_1_n_0                                                                                  |                2 |              4 |
|  clkdivider/clk_65mhz | my_top_level_solver/my_iterative_solver/my_generate_rows/total_count[6]_i_2_n_0                             | my_top_level_solver/my_iterative_solver/my_generate_rows/total_count[6]_i_1_n_0                                    |                1 |              4 |
|  clkdivider/clk_65mhz | my_top_level_solver/my_iterative_solver/my_generate_rows/my_create_a_row/start_counting                     | my_top_level_solver/my_iterative_solver/my_generate_rows/my_create_a_row/i[4]_i_1_n_0                              |                1 |              4 |
|  clkdivider/clk_65mhz | mymanual30_40/down_old_reg_0[0]                                                                             | mymanual10x10/cursor_y[5]_i_1_n_0                                                                                  |                2 |              4 |
|  clkdivider/clk_65mhz | mymanual30_40/cursor_x[5]_i_2__0_n_0                                                                        | mymanual30_40/cursor_x[5]_i_1__0_n_0                                                                               |                2 |              4 |
|  clkdivider/clk_65mhz | my_top_level_solver/my_iterative_solver/my_generate_rows/min_length[3]_i_1_n_0                              | my_top_level_solver/my_iterative_solver/my_generate_rows/started_shifting                                          |                3 |              4 |
|  clkdivider/clk_65mhz |                                                                                                             | display/seg_out[5]_i_1_n_0                                                                                         |                4 |              4 |
|  clkdivider/clk_65mhz | my_top_level_solver/my_iterative_solver/range_w_i_index                                                     | my_top_level_solver/my_iterative_solver/range_w_i_index[4]_i_1_n_0                                                 |                1 |              4 |
|  clkdivider/clk_65mhz | my_top_level_solver/my_iterative_solver/fix_col_counter                                                     | my_top_level_solver/my_iterative_solver/fix_col_counter_small[3]_i_1_n_0                                           |                1 |              4 |
|  clkdivider/clk_65mhz | my_top_level_solver/my_iterative_solver/fix_col_counter                                                     | my_top_level_solver/my_iterative_solver/wait_on_clock                                                              |                2 |              4 |
|  clkdivider/clk_65mhz | my_top_level_solver/my_iterative_solver/range_w_i[0]_i_1_n_0                                                | my_top_level_solver/my_iterative_solver/wait_on_clock                                                              |                1 |              4 |
|  clkdivider/clk_65mhz | my_top_level_solver/my_iterative_solver/range_h_i__0                                                        | my_top_level_solver/my_iterative_solver/wait_on_clock                                                              |                3 |              4 |
|  clkdivider/clk_65mhz | my_top_level_solver/my_iterative_solver/my_generate_rows/i                                                  | my_top_level_solver/my_iterative_solver/my_generate_rows/i[5]_i_1_n_0                                              |                4 |              5 |
|  clkdivider/clk_65mhz | my_top_level_solver/my_iterative_solver/allowed_thing_counter_h[4]_i_1_n_0                                  | my_top_level_solver/my_iterative_solver/wait_on_clock                                                              |                2 |              5 |
|  clkdivider/clk_65mhz | my_top_level_solver/my_iterative_solver/allowed_thing_counter                                               | my_top_level_solver/my_iterative_solver/wait_on_clock                                                              |                3 |              5 |
|  clkdivider/clk_65mhz | my_top_level_solver/E[0]                                                                                    | sw_IBUF[0]                                                                                                         |                2 |              5 |
|  clkdivider/clk_65mhz | my_top_level_solver/my_iterative_solver/my_generate_rows/count[6]_i_2_n_0                                   | my_top_level_solver/my_iterative_solver/my_generate_rows/count[6]_i_1_n_0                                          |                3 |              6 |
|  clkdivider/clk_65mhz | my_top_level_solver/my_iterative_solver/my_generate_rows/my_get_permutations/E[0]                           | my_top_level_solver/my_iterative_solver/my_generate_rows/my_get_permutations/create_a_row_from_permutations_reg[0] |                1 |              6 |
|  clkdivider/clk_65mhz | my_top_level_solver/my_iterative_solver/my_generate_rows/my_get_permutations/switch_off_done                | sw_IBUF[0]                                                                                                         |                5 |              6 |
|  clkdivider/clk_65mhz | my_top_level_solver/my_iterative_solver/my_generate_rows/my_get_permutations/permutation_out[8]_i_2_n_0     | my_top_level_solver/my_iterative_solver/my_generate_rows/my_get_permutations/permutation_out[8]_i_1_n_0            |                5 |              6 |
|  clkdivider/clk_65mhz | my_top_level_solver/my_assignments_registry/counter_out[5]_i_2_n_0                                          | my_top_level_solver/my_assignments_registry/counter_out[5]_i_1_n_0                                                 |                2 |              6 |
|  clkdivider/clk_65mhz | my_top_level_solver/my_iterative_solver/my_generate_rows/my_get_permutations/counting_reg_0[0]              | my_top_level_solver/my_iterative_solver/my_generate_rows/started_shifting                                          |                2 |              6 |
|  clkdivider/clk_65mhz | mymanual10x10/count_num[6]_i_1__0_n_0                                                                       | sw_IBUF[0]                                                                                                         |                3 |              7 |
|  clkdivider/clk_65mhz | my_top_level_solver/my_iterative_solver/my_generate_rows/my_create_a_row/create_a_row_from_permutations_reg | my_top_level_solver/my_iterative_solver/my_generate_rows/permutation_started                                       |                2 |              7 |
|  clkdivider/clk_65mhz | mymanual30_40/count_num0                                                                                    | sw_IBUF[0]                                                                                                         |                2 |              7 |
|  clkdivider/clk_65mhz | my_top_level_solver/my_iterative_solver/my_generate_rows/new_row2[0]_i_2_n_0                                | my_top_level_solver/my_iterative_solver/my_generate_rows/my_get_permutations/finished_returning_reg                |                2 |              7 |
|  clkdivider/clk_65mhz | my_top_level_solver/my_iterative_solver/my_generate_rows/new_row2[17]_i_1_n_0                               | my_top_level_solver/my_iterative_solver/my_generate_rows/my_get_permutations/SR[0]                                 |                2 |              7 |
|  clkdivider/clk_65mhz | my_top_level_solver/my_iterative_solver/my_generate_rows/start_returning_reg_n_0                            | my_top_level_solver/my_iterative_solver/my_generate_rows/started_shifting                                          |                3 |              7 |
|  clkdivider/clk_65mhz | my_top_level_solver/my_iterative_solver/my_generate_rows/move_to_row_generating_reg_20[0]                   | my_top_level_solver/my_iterative_solver/my_generate_rows/SR[0]                                                     |                2 |              7 |
|  clkdivider/clk_65mhz | my_top_level_solver/my_iterative_solver/my_generate_rows/allowable_for_a_row_started_reg                    | my_top_level_solver/my_iterative_solver/my_generate_rows/move_to_row_generating_reg_19                             |                3 |              8 |
|  clkdivider/clk_65mhz | my_top_level_solver/my_iterative_solver/E[0]                                                                | my_top_level_solver/my_iterative_solver/wait_on_clock                                                              |                2 |              8 |
|  clkdivider/clk_65mhz | my_top_level_solver/my_iterative_solver/start_address_h[7]_i_1_n_0                                          | my_top_level_solver/my_iterative_solver/wait_on_clock                                                              |                2 |              8 |
|  clkdivider/clk_65mhz | mymanual30_40/cursor_y[4]_i_1__0_n_0                                                                        | sw_IBUF[0]                                                                                                         |                3 |              8 |
|  clkdivider/clk_65mhz | my_top_level_solver/my_iterative_solver/my_generate_rows/row_done_reg                                       | my_top_level_solver/my_iterative_solver/my_generate_rows/sw[0]                                                     |                3 |              8 |
|  clkdivider/clk_65mhz | my_top_level_solver/my_iterative_solver/for_c_row_counter_h                                                 | my_top_level_solver/my_iterative_solver/for_c_row_counter_h[7]_i_1_n_0                                             |                2 |              8 |
|  clkdivider/clk_65mhz | my_top_level_solver/my_iterative_solver/for_c_coln_counter                                                  | my_top_level_solver/my_iterative_solver/for_c_coln_counter[7]_i_1_n_0                                              |                2 |              8 |
|  clkdivider/clk_65mhz | my_top_level_solver/my_iterative_solver/row_counter_allowable[8]_i_2_n_0                                    | my_top_level_solver/my_iterative_solver/my_generate_rows/sw[0]                                                     |                3 |              9 |
|  clkdivider/clk_65mhz | my_top_level_solver/my_iterative_solver/my_generate_rows/new_row[19]_i_1_n_0                                | my_top_level_solver/my_iterative_solver/my_generate_rows/started_shifting                                          |                4 |              9 |
|  clkdivider/clk_65mhz | my_top_level_solver/my_iterative_solver/my_generate_rows/running_sum_4[4]_i_1__0_n_0                        | my_top_level_solver/my_iterative_solver/my_generate_rows/started_shifting                                          |                5 |              9 |
|  clkdivider/clk_65mhz | my_top_level_solver/my_translator/row1_assign[5]                                                            | my_top_level_solver/my_translator/row10_assign_0                                                                   |                3 |              9 |
|  clkdivider/clk_65mhz | my_top_level_solver/my_iterative_solver/my_generate_rows/new_row[18]_i_2_n_0                                | my_top_level_solver/my_iterative_solver/my_generate_rows/new_row[18]_i_1__0_n_0                                    |                4 |              9 |
|  clkdivider/clk_65mhz | my_top_level_solver/my_translator/done_collecting                                                           | my_top_level_solver/my_translator/row10_assign_0                                                                   |                3 |              9 |
|  clkdivider/clk_65mhz | data                                                                                                        | sw_IBUF[0]                                                                                                         |                8 |             10 |
|  clkdivider/clk_65mhz | my_top_level_solver/my_translator/row1_assign[0]                                                            | my_top_level_solver/my_translator/row10_assign_0                                                                   |                2 |             10 |
|  clkdivider/clk_65mhz | my_top_level_solver/my_translator/row1_assign[6]                                                            | my_top_level_solver/my_translator/row10_assign_0                                                                   |                3 |             10 |
|  clkdivider/clk_65mhz | xvga1/hreset                                                                                                | xvga1/vcount_out0                                                                                                  |                5 |             10 |
|  clkdivider/clk_65mhz | db5/E[0]                                                                                                    | sw_IBUF[0]                                                                                                         |                3 |             10 |
|  clkdivider/clk_65mhz | my_top_level_solver/my_translator/done_collecting4_out                                                      | my_top_level_solver/my_translator/row10_assign_0                                                                   |                2 |             10 |
|  clkdivider/clk_65mhz | my_top_level_solver/my_translator/row1_assign[3]                                                            | my_top_level_solver/my_translator/row10_assign_0                                                                   |                3 |             10 |
|  clkdivider/clk_65mhz | my_top_level_solver/my_translator/row1_assign[1]                                                            | my_top_level_solver/my_translator/row10_assign_0                                                                   |                2 |             10 |
|  clkdivider/clk_65mhz | my_top_level_solver/my_translator/row1_assign[4]                                                            | my_top_level_solver/my_translator/row10_assign_0                                                                   |                4 |             10 |
|  clkdivider/clk_65mhz | my_top_level_solver/my_translator/row1_assign[7]                                                            | my_top_level_solver/my_translator/row10_assign_0                                                                   |                2 |             10 |
|  clkdivider/clk_65mhz | my_top_level_solver/my_translator/row1_assign[2]                                                            | my_top_level_solver/my_translator/row10_assign_0                                                                   |                2 |             10 |
|  clkdivider/clk_65mhz | my_top_level_solver/my_translator/row1_assign[8]                                                            | my_top_level_solver/my_translator/row10_assign_0                                                                   |                2 |             10 |
|  clkdivider/clk_65mhz |                                                                                                             | my_top_level_solver/my_iterative_solver/my_generate_rows/started_shifting                                          |                7 |             11 |
|  clkdivider/clk_65mhz |                                                                                                             | my_top_level_solver/my_iterative_solver/my_generate_rows/my_create_a_row/new_row[18]_i_1_n_0                       |                5 |             12 |
|  clkdivider/clk_65mhz | my_top_level_solver/my_iterative_solver/my_generate_rows/permutation[14]_i_2_n_0                            | my_top_level_solver/my_iterative_solver/my_generate_rows/permutation[14]_i_1_n_0                                   |                5 |             15 |
|  clkdivider/clk_65mhz |                                                                                                             | xvga1/hreset                                                                                                       |                9 |             16 |
|  clkdivider/clk_65mhz | my_top_level_solver/my_iterative_solver/current_permutation_count[15]_i_2_n_0                               | my_top_level_solver/my_iterative_solver/wait_on_clock                                                              |                3 |             16 |
|  clkdivider/clk_65mhz | my_top_level_solver/my_iterative_solver/permutation_counter_allowable_section[0]_i_2_n_0                    | my_top_level_solver/my_iterative_solver/permutation_counter_allowable_section[0]_i_1_n_0                           |                4 |             16 |
|  clkdivider/clk_65mhz | my_top_level_solver/my_iterative_solver/row_start_addresses_reg_0_15_0_5_i_1_n_0                            |                                                                                                                    |                2 |             16 |
|  clkdivider/clk_65mhz | my_top_level_solver/my_iterative_solver/my_generate_rows/new_row2[17]_i_1_n_0                               | my_top_level_solver/my_iterative_solver/my_generate_rows/started_shifting                                          |                6 |             16 |
|  clkdivider/clk_65mhz | my_top_level_solver/my_iterative_solver/p_0_in__2                                                           |                                                                                                                    |                2 |             16 |
|  clkdivider/clk_65mhz | mysolved_disp/constraints[4][0]_i_1__0_n_0                                                                  | sw_IBUF[0]                                                                                                         |               14 |             20 |
|  clkdivider/clk_65mhz | mysolved_disp/constraints[6][0]_i_1__0_n_0                                                                  | sw_IBUF[0]                                                                                                         |                7 |             20 |
|  clkdivider/clk_65mhz | mysolved_disp/constraints[15][0]_i_1__0_n_0                                                                 | sw_IBUF[0]                                                                                                         |                9 |             20 |
|  clkdivider/clk_65mhz | mysolved_disp/constraints[9][0]_i_1__0_n_0                                                                  | sw_IBUF[0]                                                                                                         |               13 |             20 |
|  clkdivider/clk_65mhz | my_top_level_solver/my_iterative_solver/my_generate_rows/in_progress25_out                                  | my_top_level_solver/my_iterative_solver/my_generate_rows/constrain1[3]_i_1_n_0                                     |                8 |             20 |
|  clkdivider/clk_65mhz | mysolved_disp/constraints[13][0]_i_1__0_n_0                                                                 | sw_IBUF[0]                                                                                                         |               12 |             20 |
|  clkdivider/clk_65mhz | mysolved_disp/constraints[14][0]_i_1__0_n_0                                                                 | sw_IBUF[0]                                                                                                         |               10 |             20 |
|  clkdivider/clk_65mhz | mysolved_disp/constraints[11][0]_i_1__0_n_0                                                                 | sw_IBUF[0]                                                                                                         |               12 |             20 |
|  clkdivider/clk_65mhz | mysolved_disp/constraints[17][0]_i_1__0_n_0                                                                 | sw_IBUF[0]                                                                                                         |               12 |             20 |
|  clkdivider/clk_65mhz | mysolved_disp/constraints[1][0]_i_1__0_n_0                                                                  | sw_IBUF[0]                                                                                                         |                9 |             20 |
|  clkdivider/clk_65mhz | mysolved_disp/constraints[19][0]_i_1__0_n_0                                                                 | sw_IBUF[0]                                                                                                         |                7 |             20 |
|  clkdivider/clk_65mhz | mysolved_disp/constraints[10][0]_i_1__0_n_0                                                                 | sw_IBUF[0]                                                                                                         |               12 |             20 |
|  clkdivider/clk_65mhz | mysolved_disp/constraints[3][0]_i_1__0_n_0                                                                  | sw_IBUF[0]                                                                                                         |               10 |             20 |
|  clkdivider/clk_65mhz | mysolved_disp/constraints[7][0]_i_1__0_n_0                                                                  | sw_IBUF[0]                                                                                                         |                6 |             20 |
|  clkdivider/clk_65mhz | mysolved_disp/constraints[0][0]_i_1__0_n_0                                                                  | sw_IBUF[0]                                                                                                         |               11 |             20 |
|  clkdivider/clk_65mhz | mysolved_disp/constraints[16][0]_i_1__0_n_0                                                                 | sw_IBUF[0]                                                                                                         |               13 |             20 |
|  clkdivider/clk_65mhz | mysolved_disp/constraints[2][0]_i_1__0_n_0                                                                  | sw_IBUF[0]                                                                                                         |                9 |             20 |
|  clkdivider/clk_65mhz | mysolved_disp/constraints[8][0]_i_1__0_n_0                                                                  | sw_IBUF[0]                                                                                                         |               12 |             20 |
|  clkdivider/clk_65mhz | my_top_level_solver/my_assignments_registry/E[0]                                                            |                                                                                                                    |                5 |             20 |
|  clkdivider/clk_65mhz | my_top_level_solver/my_iterative_solver/allowable_result[19]_i_2_n_0                                        | my_top_level_solver/my_iterative_solver/allowable_result[19]_i_1_n_0                                               |               13 |             20 |
|  clkdivider/clk_65mhz | db1/count                                                                                                   | db1/count[0]_i_1__0_n_0                                                                                            |                5 |             20 |
|  clkdivider/clk_65mhz | db2/count                                                                                                   | db2/count[0]_i_1__1_n_0                                                                                            |                5 |             20 |
|  clkdivider/clk_65mhz | db3/count                                                                                                   | db3/count[0]_i_1__2_n_0                                                                                            |                5 |             20 |
|  clkdivider/clk_65mhz | db4/count                                                                                                   | db4/count[0]_i_1__3_n_0                                                                                            |                5 |             20 |
|  clkdivider/clk_65mhz | my_top_level_solver/my_iterative_solver/allowed_things[19]_i_2_n_0                                          | my_top_level_solver/my_iterative_solver/allowed_thing_index_counter                                                |                9 |             20 |
|  clkdivider/clk_65mhz | my_top_level_solver/my_iterative_solver/allowed_things_h                                                    | my_top_level_solver/my_iterative_solver/allowed_things_h[19]_i_1_n_0                                               |               14 |             20 |
|  clkdivider/clk_65mhz | db5/count                                                                                                   | db5/count[0]_i_1__4_n_0                                                                                            |                5 |             20 |
|  clkdivider/clk_65mhz | mymanual10x10/constraints[18][0]_i_1_n_0                                                                    | sw_IBUF[0]                                                                                                         |               10 |             20 |
|  clkdivider/clk_65mhz | mymanual10x10/constraints[0][0]_i_1_n_0                                                                     | sw_IBUF[0]                                                                                                         |               11 |             20 |
|  clkdivider/clk_65mhz | mymanual10x10/constraints[12][0]_i_1_n_0                                                                    | sw_IBUF[0]                                                                                                         |               11 |             20 |
|  clkdivider/clk_65mhz | mymanual10x10/constraints[15][0]_i_1_n_0                                                                    | sw_IBUF[0]                                                                                                         |               17 |             20 |
|  clkdivider/clk_65mhz | mymanual10x10/constraints[16][0]_i_1_n_0                                                                    | sw_IBUF[0]                                                                                                         |               12 |             20 |
|  clkdivider/clk_65mhz | mymanual10x10/constraints[11][0]_i_1_n_0                                                                    | sw_IBUF[0]                                                                                                         |               14 |             20 |
|  clkdivider/clk_65mhz | my_top_level_solver/my_iterative_solver/p_0_in__3                                                           |                                                                                                                    |                5 |             20 |
|  clkdivider/clk_65mhz | mymanual10x10/constraints[10][0]_i_1_n_0                                                                    | sw_IBUF[0]                                                                                                         |               15 |             20 |
|  clkdivider/clk_65mhz | my_top_level_solver/my_iterative_solver/p_0_in__1                                                           |                                                                                                                    |                5 |             20 |
|  clkdivider/clk_65mhz | mymanual10x10/constraints[8][0]_i_1_n_0                                                                     | sw_IBUF[0]                                                                                                         |               13 |             20 |
|  clkdivider/clk_65mhz | mymanual10x10/constraints[5][0]_i_1_n_0                                                                     | sw_IBUF[0]                                                                                                         |               13 |             20 |
|  clkdivider/clk_65mhz | mymanual10x10/constraints[6][0]_i_1_n_0                                                                     | sw_IBUF[0]                                                                                                         |               13 |             20 |
|  clkdivider/clk_65mhz | mymanual10x10/constraints[13][0]_i_1_n_0                                                                    | sw_IBUF[0]                                                                                                         |               10 |             20 |
|  clkdivider/clk_65mhz | mymanual10x10/constraints[17][0]_i_1_n_0                                                                    | sw_IBUF[0]                                                                                                         |               12 |             20 |
|  clkdivider/clk_65mhz | my_top_level_solver/my_iterative_solver/selected_assignment[19]_i_1_n_0                                     | my_top_level_solver/my_iterative_solver/wait_on_clock                                                              |                6 |             20 |
|  clkdivider/clk_65mhz | mymanual10x10/constraints[19][0]_i_1_n_0                                                                    | sw_IBUF[0]                                                                                                         |               11 |             20 |
|  clkdivider/clk_65mhz | mymanual10x10/constraints[3][0]_i_1_n_0                                                                     | sw_IBUF[0]                                                                                                         |                8 |             20 |
|  clkdivider/clk_65mhz | mymanual10x10/constraints[7][0]_i_1_n_0                                                                     | sw_IBUF[0]                                                                                                         |               16 |             20 |
|  clkdivider/clk_65mhz | mymanual10x10/constraints[1][0]_i_1_n_0                                                                     | sw_IBUF[0]                                                                                                         |                5 |             20 |
|  clkdivider/clk_65mhz | mymanual10x10/constraints[14][0]_i_1_n_0                                                                    | sw_IBUF[0]                                                                                                         |               15 |             20 |
|  clkdivider/clk_65mhz | mymanual10x10/constraints[4][0]_i_1_n_0                                                                     | sw_IBUF[0]                                                                                                         |               14 |             20 |
|  clkdivider/clk_65mhz | mymanual10x10/constraints[2][0]_i_1_n_0                                                                     | sw_IBUF[0]                                                                                                         |               10 |             20 |
|  clkdivider/clk_65mhz | mymanual10x10/constraints[9][0]_i_1_n_0                                                                     | sw_IBUF[0]                                                                                                         |               13 |             20 |
|  clkdivider/clk_65mhz | my_top_level_solver/my_iterative_solver/my_generate_rows/my_create_a_row/i                                  | my_top_level_solver/my_iterative_solver/my_generate_rows/my_create_a_row/new_row[18]_i_1_n_0                       |                5 |             20 |
|  clkdivider/clk_65mhz | my_top_level_solver/my_iterative_solver/my_generate_rows/my_create_a_row/old_version                        | my_top_level_solver/my_iterative_solver/my_generate_rows/started_shifting                                          |                4 |             20 |
|  clkdivider/clk_65mhz | mysolved_disp/constraints[18][0]_i_1__0_n_0                                                                 | sw_IBUF[0]                                                                                                         |               11 |             20 |
|  clkdivider/clk_65mhz | my_top_level_solver/my_iterative_solver/my_generate_rows/my_get_permutations/p_0_in                         |                                                                                                                    |                5 |             20 |
|  clkdivider/clk_65mhz | mysolved_disp/constraints[12][0]_i_1__0_n_0                                                                 | sw_IBUF[0]                                                                                                         |               11 |             20 |
|  clkdivider/clk_65mhz | mysolved_disp/constraints[5][0]_i_1__0_n_0                                                                  | sw_IBUF[0]                                                                                                         |               12 |             20 |
|  clkdivider/clk_65mhz | my_top_level_solver/my_iterative_solver/my_generate_rows/p_0_in                                             |                                                                                                                    |                3 |             24 |
|  clkdivider/clk_65mhz | my_top_level_solver/my_assignments_registry/assignment_out[19]_i_1__0_n_0                                   | sw_IBUF[0]                                                                                                         |                6 |             26 |
|  clkdivider/clk_65mhz | my_top_level_solver/my_iterative_solver/fake_col_permutation_collector_reg_r2_0_63_0_2_i_1_n_0              |                                                                                                                    |                7 |             28 |
|  clkdivider/clk_65mhz | my_top_level_solver/my_iterative_solver/fake_col_permutation_collector_reg_r2_128_191_0_2_i_1_n_0           |                                                                                                                    |                7 |             28 |
|  clkdivider/clk_65mhz | my_top_level_solver/my_iterative_solver/fake_row_permutation_collector_reg_r2_0_63_0_2_i_1_n_0              |                                                                                                                    |                7 |             28 |
|  clkdivider/clk_65mhz | my_top_level_solver/my_iterative_solver/fake_row_permutation_collector_reg_r2_64_127_0_2_i_1_n_0            |                                                                                                                    |                7 |             28 |
|  clkdivider/clk_65mhz | my_top_level_solver/my_iterative_solver/fake_row_permutation_collector_reg_r2_128_191_0_2_i_1_n_0           |                                                                                                                    |                7 |             28 |
|  clkdivider/clk_65mhz | my_top_level_solver/my_iterative_solver/my_generate_rows/p_0_in__0_0                                        |                                                                                                                    |                7 |             28 |
|  clkdivider/clk_65mhz | my_top_level_solver/my_iterative_solver/fake_col_permutation_collector_reg_r2_64_127_0_2_i_1_n_0            |                                                                                                                    |                7 |             28 |
|  clkdivider/clk_65mhz | my_top_level_solver/my_iterative_solver/my_generate_rows/in_progress25_out                                  | my_top_level_solver/my_iterative_solver/my_generate_rows/started_shifting                                          |               10 |             29 |
|  clkdivider/clk_65mhz | my_top_level_solver/my_iterative_solver/my_generate_rows/my_create_a_row/p_0_in                             |                                                                                                                    |                9 |             36 |
|  clkdivider/clk_65mhz | my_top_level_solver/my_iterative_solver/fake_col_permutation_collector_reg_0_15_0_0__0_i_1_n_0              |                                                                                                                    |                5 |             40 |
|  clkdivider/clk_65mhz | my_top_level_solver/my_iterative_solver/fake_col_permutation_collector_reg_0_15_0_0_i_1_n_0                 |                                                                                                                    |                5 |             40 |
|  clkdivider/clk_65mhz | my_top_level_solver/my_iterative_solver/fake_row_permutation_collector_reg_0_15_0_0__0_i_1_n_0              |                                                                                                                    |                5 |             40 |
|  clkdivider/clk_65mhz | my_top_level_solver/my_iterative_solver/fake_row_permutation_collector_reg_0_15_0_0_i_1_n_0                 |                                                                                                                    |                5 |             40 |
|  clkdivider/clk_65mhz | my_top_level_solver/my_iterative_solver/my_generate_rows/my_create_a_row/running_sum_1                      | sw_IBUF[0]                                                                                                         |               24 |             40 |
|  clkdivider/clk_65mhz | my_top_level_solver/my_iterative_solver/my_generate_rows/p_0_in__0                                          |                                                                                                                    |                6 |             48 |
|  clkdivider/clk_65mhz | my_top_level_solver/my_iterative_solver/fake_row_permutation_collector_reg_0_127_0_0_i_2_n_0                |                                                                                                                    |               20 |             80 |
|  clkdivider/clk_65mhz | my_top_level_solver/my_iterative_solver/fake_col_permutation_collector_reg_0_127_0_0_i_2_n_0                |                                                                                                                    |               20 |             80 |
|  clkdivider/clk_65mhz | my_top_level_solver/top_level_solver_done_reg_0                                                             | sw_IBUF[0]                                                                                                         |               28 |             98 |
|  clkdivider/clk_65mhz | my_top_level_solver/my_translator/row1_out[9]_i_1__0_n_0                                                    |                                                                                                                    |               18 |             99 |
|  clkdivider/clk_65mhz | my_top_level_solver/my_translator/E[0]                                                                      |                                                                                                                    |               23 |            109 |
|  clkdivider/clk_65mhz | my_top_level_solver/my_translator/i0                                                                        | sw_IBUF[0]                                                                                                         |               56 |            200 |
|  clkdivider/clk_65mhz | my_top_level_solver/my_iterative_solver/row1[19]_i_1_n_0                                                    | sw_IBUF[0]                                                                                                         |               73 |            200 |
|  clkdivider/clk_65mhz |                                                                                                             |                                                                                                                    |              193 |            369 |
|  clkdivider/clk_65mhz |                                                                                                             | sw_IBUF[0]                                                                                                         |              584 |           1357 |
+-----------------------+-------------------------------------------------------------------------------------------------------------+--------------------------------------------------------------------------------------------------------------------+------------------+----------------+


